// Jest Snapshot v1, https://goo.gl/fbAQLP

exports[`Telegraf bot /about should properly get the information 1`] = `"test test"`;
